// Jest Snapshot v1, https://goo.gl/fbAQLP

exports[`email queueing dont send if unsubscribed to all 1`] = `
Object {
  "message": Object {
    "html": "<!DOCTYPE html>
<html>
<head>
<meta http-equiv=\\"Content-Type\\" content=\\"text/html charset=UTF-8\\" />
<title>Crosshare: new comments on Raises, as young</title>
</head>
<body>
<h3>Comments on your puzzles:</h3><ul><li>BLAST and Mike D commented on <a href=\\"https://crosshare.org/crosswords/puzzle-id-here#utm_source=crosshare&amp;utm_medium=email&amp;utm_campaign=notifications\\">Raises, as young</a></li></ul><hr><div class=\\"paragraph\\">Crosshare notifications are sent at most once per day. To manage your notification preferences visit <a href=\\"https://crosshare.org/account#utm_source=crosshare&amp;utm_medium=email&amp;utm_campaign=notifications\\">your Account page</a></div>
</body>
</html>",
    "subject": "Crosshare: new comments on Raises, as young",
    "text": "### Comments on your puzzles:

* BLAST and Mike D commented on [Raises, as young](https://crosshare.org/crosswords/puzzle-id-here#utm_source=crosshare&utm_medium=email&utm_campaign=notifications)


---

Crosshare notifications are sent at most once per day. To manage your notification preferences visit [your Account page](https://crosshare.org/account#utm_source=crosshare&utm_medium=email&utm_campaign=notifications)",
  },
  "to": Array [
    "mike@example.com",
  ],
}
`;

exports[`email queueing dont send if unsubscribed to comments and thats all we have 1`] = `
Object {
  "message": Object {
    "html": "<!DOCTYPE html>
<html>
<head>
<meta http-equiv=\\"Content-Type\\" content=\\"text/html charset=UTF-8\\" />
<title>Crosshare: new replies to your comments on Raises, as young</title>
</head>
<body>
<h3>Replies to your comments:</h3><ul><li>Mike D replied to your comments on <a href=\\"https://crosshare.org/crosswords/puzzle-id-here#utm_source=crosshare&amp;utm_medium=email&amp;utm_campaign=notifications\\">Raises, as young</a></li></ul><hr><div class=\\"paragraph\\">Crosshare notifications are sent at most once per day. To manage your notification preferences visit <a href=\\"https://crosshare.org/account#utm_source=crosshare&amp;utm_medium=email&amp;utm_campaign=notifications\\">your Account page</a></div>
</body>
</html>",
    "subject": "Crosshare: new replies to your comments on Raises, as young",
    "text": "### Replies to your comments:

* Mike D replied to your comments on [Raises, as young](https://crosshare.org/crosswords/puzzle-id-here#utm_source=crosshare&utm_medium=email&utm_campaign=notifications)


---

Crosshare notifications are sent at most once per day. To manage your notification preferences visit [your Account page](https://crosshare.org/account#utm_source=crosshare&utm_medium=email&utm_campaign=notifications)",
  },
  "to": Array [
    "rando@example.com",
  ],
}
`;

exports[`email queueing emails send after an hour, but dont double send 1`] = `
Array [
  Object {
    "message": Object {
      "html": "<!DOCTYPE html>
<html>
<head>
<meta http-equiv=\\"Content-Type\\" content=\\"text/html charset=UTF-8\\" />
<title>Crosshare: new comments on Raises, as young</title>
</head>
<body>
<h3>Comments on your puzzles:</h3><ul><li>BLAST and Mike D commented on <a href=\\"https://crosshare.org/crosswords/puzzle-id-here#utm_source=crosshare&amp;utm_medium=email&amp;utm_campaign=notifications\\">Raises, as young</a></li></ul><hr><div class=\\"paragraph\\">Crosshare notifications are sent at most once per day. To manage your notification preferences visit <a href=\\"https://crosshare.org/account#utm_source=crosshare&amp;utm_medium=email&amp;utm_campaign=notifications\\">your Account page</a></div>
</body>
</html>",
      "subject": "Crosshare: new comments on Raises, as young",
      "text": "### Comments on your puzzles:

* BLAST and Mike D commented on [Raises, as young](https://crosshare.org/crosswords/puzzle-id-here#utm_source=crosshare&utm_medium=email&utm_campaign=notifications)


---

Crosshare notifications are sent at most once per day. To manage your notification preferences visit [your Account page](https://crosshare.org/account#utm_source=crosshare&utm_medium=email&utm_campaign=notifications)",
    },
    "to": Array [
      "mike@example.com",
    ],
  },
  Object {
    "message": Object {
      "html": "<!DOCTYPE html>
<html>
<head>
<meta http-equiv=\\"Content-Type\\" content=\\"text/html charset=UTF-8\\" />
<title>Crosshare: new replies to your comments on Raises, as young</title>
</head>
<body>
<h3>Replies to your comments:</h3><ul><li>Mike D replied to your comments on <a href=\\"https://crosshare.org/crosswords/puzzle-id-here#utm_source=crosshare&amp;utm_medium=email&amp;utm_campaign=notifications\\">Raises, as young</a></li></ul><hr><div class=\\"paragraph\\">Crosshare notifications are sent at most once per day. To manage your notification preferences visit <a href=\\"https://crosshare.org/account#utm_source=crosshare&amp;utm_medium=email&amp;utm_campaign=notifications\\">your Account page</a></div>
</body>
</html>",
      "subject": "Crosshare: new replies to your comments on Raises, as young",
      "text": "### Replies to your comments:

* Mike D replied to your comments on [Raises, as young](https://crosshare.org/crosswords/puzzle-id-here#utm_source=crosshare&utm_medium=email&utm_campaign=notifications)


---

Crosshare notifications are sent at most once per day. To manage your notification preferences visit [your Account page](https://crosshare.org/account#utm_source=crosshare&utm_medium=email&utm_campaign=notifications)",
    },
    "to": Array [
      "rando@example.com",
    ],
  },
]
`;

exports[`email queueing emails work w/ multiple categories of comments 1`] = `
Array [
  Object {
    "message": Object {
      "html": "<!DOCTYPE html>
<html>
<head>
<meta http-equiv=\\"Content-Type\\" content=\\"text/html charset=UTF-8\\" />
<title>Crosshare: new comments on Raises, as young</title>
</head>
<body>
<h3>Comments on your puzzles:</h3><ul><li>BLAST and Mike D commented on <a href=\\"https://crosshare.org/crosswords/puzzle-id-here#utm_source=crosshare&amp;utm_medium=email&amp;utm_campaign=notifications\\">Raises, as young</a></li></ul><h3>Replies to your comments:</h3><ul><li>Foo Bar replied to your comments on <a href=\\"https://crosshare.org/crosswords/second-puzzle#utm_source=crosshare&amp;utm_medium=email&amp;utm_campaign=notifications\\">Our Second Title</a></li></ul><hr><div class=\\"paragraph\\">Crosshare notifications are sent at most once per day. To manage your notification preferences visit <a href=\\"https://crosshare.org/account#utm_source=crosshare&amp;utm_medium=email&amp;utm_campaign=notifications\\">your Account page</a></div>
</body>
</html>",
      "subject": "Crosshare: new comments on Raises, as young",
      "text": "### Comments on your puzzles:

* BLAST and Mike D commented on [Raises, as young](https://crosshare.org/crosswords/puzzle-id-here#utm_source=crosshare&utm_medium=email&utm_campaign=notifications)


### Replies to your comments:

* Foo Bar replied to your comments on [Our Second Title](https://crosshare.org/crosswords/second-puzzle#utm_source=crosshare&utm_medium=email&utm_campaign=notifications)


---

Crosshare notifications are sent at most once per day. To manage your notification preferences visit [your Account page](https://crosshare.org/account#utm_source=crosshare&utm_medium=email&utm_campaign=notifications)",
    },
    "to": Array [
      "mike@example.com",
    ],
  },
  Object {
    "message": Object {
      "html": "<!DOCTYPE html>
<html>
<head>
<meta http-equiv=\\"Content-Type\\" content=\\"text/html charset=UTF-8\\" />
<title>Crosshare: new comments on Our Second Title</title>
</head>
<body>
<h3>Comments on your puzzles:</h3><ul><li>Foo Bar commented on <a href=\\"https://crosshare.org/crosswords/second-puzzle#utm_source=crosshare&amp;utm_medium=email&amp;utm_campaign=notifications\\">Our Second Title</a></li></ul><h3>Replies to your comments:</h3><ul><li>Mike D replied to your comments on <a href=\\"https://crosshare.org/crosswords/puzzle-id-here#utm_source=crosshare&amp;utm_medium=email&amp;utm_campaign=notifications\\">Raises, as young</a></li></ul><hr><div class=\\"paragraph\\">Crosshare notifications are sent at most once per day. To manage your notification preferences visit <a href=\\"https://crosshare.org/account#utm_source=crosshare&amp;utm_medium=email&amp;utm_campaign=notifications\\">your Account page</a></div>
</body>
</html>",
      "subject": "Crosshare: new comments on Our Second Title",
      "text": "### Comments on your puzzles:

* Foo Bar commented on [Our Second Title](https://crosshare.org/crosswords/second-puzzle#utm_source=crosshare&utm_medium=email&utm_campaign=notifications)


### Replies to your comments:

* Mike D replied to your comments on [Raises, as young](https://crosshare.org/crosswords/puzzle-id-here#utm_source=crosshare&utm_medium=email&utm_campaign=notifications)


---

Crosshare notifications are sent at most once per day. To manage your notification preferences visit [your Account page](https://crosshare.org/account#utm_source=crosshare&utm_medium=email&utm_campaign=notifications)",
    },
    "to": Array [
      "rando@example.com",
    ],
  },
]
`;

exports[`email queueing emails work w/ multiple puzzles and w/ html in title 1`] = `
Array [
  Object {
    "message": Object {
      "html": "<!DOCTYPE html>
<html>
<head>
<meta http-equiv=\\"Content-Type\\" content=\\"text/html charset=UTF-8\\" />
<title>Crosshare: new comments on Our Second &lt;span&gt; Title and Raises, as young</title>
</head>
<body>
<h3>Comments on your puzzles:</h3><ul><li>BLAST and Mike D commented on <a href=\\"https://crosshare.org/crosswords/puzzle-id-here#utm_source=crosshare&amp;utm_medium=email&amp;utm_campaign=notifications\\">Raises, as young</a></li><li>Commenter &lt;div&gt; Foo commented on <a href=\\"https://crosshare.org/crosswords/second-puzzle#utm_source=crosshare&amp;utm_medium=email&amp;utm_campaign=notifications\\">Our Second &lt;span&gt; Title</a></li></ul><hr><div class=\\"paragraph\\">Crosshare notifications are sent at most once per day. To manage your notification preferences visit <a href=\\"https://crosshare.org/account#utm_source=crosshare&amp;utm_medium=email&amp;utm_campaign=notifications\\">your Account page</a></div>
</body>
</html>",
      "subject": "Crosshare: new comments on Our Second <span> Title and Raises, as young",
      "text": "### Comments on your puzzles:

* BLAST and Mike D commented on [Raises, as young](https://crosshare.org/crosswords/puzzle-id-here#utm_source=crosshare&utm_medium=email&utm_campaign=notifications)
* Commenter <div> Foo commented on [Our Second <span> Title](https://crosshare.org/crosswords/second-puzzle#utm_source=crosshare&utm_medium=email&utm_campaign=notifications)


---

Crosshare notifications are sent at most once per day. To manage your notification preferences visit [your Account page](https://crosshare.org/account#utm_source=crosshare&utm_medium=email&utm_campaign=notifications)",
    },
    "to": Array [
      "mike@example.com",
    ],
  },
  Object {
    "message": Object {
      "html": "<!DOCTYPE html>
<html>
<head>
<meta http-equiv=\\"Content-Type\\" content=\\"text/html charset=UTF-8\\" />
<title>Crosshare: new replies to your comments on Our Second &lt;span&gt; Title and Raises, as young</title>
</head>
<body>
<h3>Replies to your comments:</h3><ul><li>Commenter &lt;div&gt; Foo replied to your comments on <a href=\\"https://crosshare.org/crosswords/second-puzzle#utm_source=crosshare&amp;utm_medium=email&amp;utm_campaign=notifications\\">Our Second &lt;span&gt; Title</a></li><li>Mike D replied to your comments on <a href=\\"https://crosshare.org/crosswords/puzzle-id-here#utm_source=crosshare&amp;utm_medium=email&amp;utm_campaign=notifications\\">Raises, as young</a></li></ul><hr><div class=\\"paragraph\\">Crosshare notifications are sent at most once per day. To manage your notification preferences visit <a href=\\"https://crosshare.org/account#utm_source=crosshare&amp;utm_medium=email&amp;utm_campaign=notifications\\">your Account page</a></div>
</body>
</html>",
      "subject": "Crosshare: new replies to your comments on Our Second <span> Title and Raises, as young",
      "text": "### Replies to your comments:

* Commenter <div> Foo replied to your comments on [Our Second <span> Title](https://crosshare.org/crosswords/second-puzzle#utm_source=crosshare&utm_medium=email&utm_campaign=notifications)
* Mike D replied to your comments on [Raises, as young](https://crosshare.org/crosswords/puzzle-id-here#utm_source=crosshare&utm_medium=email&utm_campaign=notifications)


---

Crosshare notifications are sent at most once per day. To manage your notification preferences visit [your Account page](https://crosshare.org/account#utm_source=crosshare&utm_medium=email&utm_campaign=notifications)",
    },
    "to": Array [
      "rando@example.com",
    ],
  },
]
`;

exports[`should handle a combination of multiple new comments and nested replies 1`] = `
Array [
  Object {
    "c": "bam",
    "cn": "BLAST",
    "e": false,
    "id": "fSEwJorvqOMK5UhNMHa4mu48izl1-comment-bam",
    "k": "comment",
    "p": "puzzle-id-here",
    "pn": "Raises, as young",
    "r": false,
    "u": "fSEwJorvqOMK5UhNMHa4mu48izl1",
  },
  Object {
    "c": "whamo",
    "cn": "Mike D",
    "e": false,
    "id": "rando-reply-whamo",
    "k": "reply",
    "p": "puzzle-id-here",
    "pn": "Raises, as young",
    "r": false,
    "u": "rando",
  },
  Object {
    "c": "test",
    "cn": "Mike D",
    "e": false,
    "id": "fSEwJorvqOMK5UhNMHa4mu48izl1-comment-test",
    "k": "comment",
    "p": "puzzle-id-here",
    "pn": "Raises, as young",
    "r": false,
    "u": "fSEwJorvqOMK5UhNMHa4mu48izl1",
  },
  Object {
    "c": "test",
    "cn": "Mike D",
    "e": false,
    "id": "rando-reply-test",
    "k": "reply",
    "p": "puzzle-id-here",
    "pn": "Raises, as young",
    "r": false,
    "u": "rando",
  },
  Object {
    "c": "foobar",
    "cn": "Mike D",
    "e": false,
    "id": "fSEwJorvqOMK5UhNMHa4mu48izl1-comment-foobar",
    "k": "comment",
    "p": "puzzle-id-here",
    "pn": "Raises, as young",
    "r": false,
    "u": "fSEwJorvqOMK5UhNMHa4mu48izl1",
  },
]
`;

exports[`should notify comment author and puzzle author when third party replies 1`] = `
Array [
  Object {
    "c": "baz",
    "cn": "Mike D",
    "e": false,
    "id": "fSEwJorvqOMK5UhNMHa4mu48izl1-comment-baz",
    "k": "comment",
    "p": "puzzle-id-here",
    "pn": "Raises, as young",
    "r": false,
    "u": "fSEwJorvqOMK5UhNMHa4mu48izl1",
  },
  Object {
    "c": "baz",
    "cn": "Mike D",
    "e": false,
    "id": "dummy-author-id-reply-baz",
    "k": "reply",
    "p": "puzzle-id-here",
    "pn": "Raises, as young",
    "r": false,
    "u": "dummy-author-id",
  },
]
`;

exports[`should notify comment author only when puzzle author replies 1`] = `
Array [
  Object {
    "c": "baz",
    "cn": "Mike D",
    "e": false,
    "id": "dummy-author-id-reply-baz",
    "k": "reply",
    "p": "puzzle-id-here",
    "pn": "Raises, as young",
    "r": false,
    "u": "dummy-author-id",
  },
]
`;

exports[`should notify for a new comment by somebody else 1`] = `
Array [
  Object {
    "c": "LwgoVx0BAskM4wVJyoLj",
    "cn": "Mike D",
    "e": false,
    "id": "fSEwJorvqOMK5UhNMHa4mu48izl1-comment-LwgoVx0BAskM4wVJyoLj",
    "k": "comment",
    "p": "puzzle-id-here",
    "pn": "Raises, as young",
    "r": false,
    "u": "fSEwJorvqOMK5UhNMHa4mu48izl1",
  },
]
`;

exports[`should notify for a reply to own comment on own puzzle 1`] = `
Array [
  Object {
    "c": "bar",
    "cn": "Jim",
    "e": false,
    "id": "fSEwJorvqOMK5UhNMHa4mu48izl1-comment-bar",
    "k": "comment",
    "p": "puzzle-id-here",
    "pn": "Raises, as young",
    "r": false,
    "u": "fSEwJorvqOMK5UhNMHa4mu48izl1",
  },
]
`;

exports[`should notify for multiple comments by somebody else 1`] = `
Array [
  Object {
    "c": "bar",
    "cn": "Jim",
    "e": false,
    "id": "fSEwJorvqOMK5UhNMHa4mu48izl1-comment-bar",
    "k": "comment",
    "p": "puzzle-id-here",
    "pn": "Raises, as young",
    "r": false,
    "u": "fSEwJorvqOMK5UhNMHa4mu48izl1",
  },
  Object {
    "c": "bam",
    "cn": "Tom",
    "e": false,
    "id": "fSEwJorvqOMK5UhNMHa4mu48izl1-comment-bam",
    "k": "comment",
    "p": "puzzle-id-here",
    "pn": "Raises, as young",
    "r": false,
    "u": "fSEwJorvqOMK5UhNMHa4mu48izl1",
  },
]
`;
