// Jest Snapshot v1, https://goo.gl/fbAQLP

exports[`upload a puzzle 1`] = `
.emotion-1017 {
  -webkit-flex: none;
  -ms-flex: none;
  flex: none;
  width: 200px;
  height: 200px;
}

.emotion-4 {
  width: 6.666666666666667%;
  padding-bottom: 6.666666666666667%;
  float: left;
  position: relative;
  margin: 0;
  overflow: hidden;
}

.emotion-3 {
  -webkit-user-select: none;
  -moz-user-select: none;
  -ms-user-select: none;
  user-select: none;
  position: absolute;
  width: 100%;
  height: 100%;
  border-right: 1px solid var(--cell-wall);
  border-bottom: 1px solid var(--cell-wall);
  border-top: 1px solid var(--cell-wall);
  border-left: 1px solid var(--cell-wall);
  background: var(--primary);
}

.emotion-0 {
  position: absolute;
  left: 0.1em;
  top: 0;
  font-weight: bold;
  line-height: 1em;
  font-size: 3.3333333333333335px;
}

.emotion-1 {
  font-size: 1em;
}

.emotion-8 {
  -webkit-user-select: none;
  -moz-user-select: none;
  -ms-user-select: none;
  user-select: none;
  position: absolute;
  width: 100%;
  height: 100%;
  border-right: 1px solid var(--cell-wall);
  border-bottom: 1px solid var(--cell-wall);
  border-top: 1px solid var(--cell-wall);
  border-left: 0;
  background: var(--secondary);
}

.emotion-25 {
  -webkit-user-select: none;
  -moz-user-select: none;
  -ms-user-select: none;
  user-select: none;
  position: absolute;
  width: 100%;
  height: 100%;
  border-right: 1px solid var(--cell-wall);
  border-bottom: 1px solid var(--cell-wall);
  border-top: 1px solid var(--cell-wall);
  border-left: 0;
  background: var(--cell-wall);
}

.emotion-30 {
  -webkit-user-select: none;
  -moz-user-select: none;
  -ms-user-select: none;
  user-select: none;
  position: absolute;
  width: 100%;
  height: 100%;
  border-right: 1px solid var(--cell-wall);
  border-bottom: 1px solid var(--cell-wall);
  border-top: 1px solid var(--cell-wall);
  border-left: 0;
  background: var(--white);
}

.emotion-72 {
  -webkit-user-select: none;
  -moz-user-select: none;
  -ms-user-select: none;
  user-select: none;
  position: absolute;
  width: 100%;
  height: 100%;
  border-right: 1px solid var(--cell-wall);
  border-bottom: 1px solid var(--cell-wall);
  border-top: 0;
  border-left: 1px solid var(--cell-wall);
  background: var(--white);
}

.emotion-77 {
  -webkit-user-select: none;
  -moz-user-select: none;
  -ms-user-select: none;
  user-select: none;
  position: absolute;
  width: 100%;
  height: 100%;
  border-right: 1px solid var(--cell-wall);
  border-bottom: 1px solid var(--cell-wall);
  border-top: 0;
  border-left: 0;
  background: var(--white);
}

.emotion-94 {
  -webkit-user-select: none;
  -moz-user-select: none;
  -ms-user-select: none;
  user-select: none;
  position: absolute;
  width: 100%;
  height: 100%;
  border-right: 1px solid var(--cell-wall);
  border-bottom: 1px solid var(--cell-wall);
  border-top: 0;
  border-left: 0;
  background: var(--cell-wall);
}

.emotion-477 {
  -webkit-user-select: none;
  -moz-user-select: none;
  -ms-user-select: none;
  user-select: none;
  position: absolute;
  width: 100%;
  height: 100%;
  border-right: 1px solid var(--cell-wall);
  border-bottom: 1px solid var(--cell-wall);
  border-top: 0;
  border-left: 1px solid var(--cell-wall);
  background: var(--cell-wall);
}

.emotion-2 {
  color: var(--autofill);
  text-align: center;
  line-height: 1.2em;
  font-size: 12px;
}

<div
  aria-label="grid"
  class="emotion-1017"
>
  <div
    class="emotion-4"
  >
    <div
      aria-label="cell0x0"
      class="emotion-3"
    >
      <div
        class="emotion-0"
      >
        
        1
      </div>
      <div
        class="emotion-2"
      >
        
        
        
        <div
          class="emotion-1"
        />
      </div>
    </div>
  </div>
  <div
    class="emotion-4"
  >
    <div
      aria-label="cell0x1"
      class="emotion-8"
    >
      <div
        class="emotion-0"
      >
        
        2
      </div>
      <div
        class="emotion-2"
      >
        
        
        
        <div
          class="emotion-1"
        />
      </div>
    </div>
  </div>
  <div
    class="emotion-4"
  >
    <div
      aria-label="cell0x2"
      class="emotion-8"
    >
      <div
        class="emotion-0"
      >
        
        3
      </div>
      <div
        class="emotion-2"
      >
        
        
        
        <div
          class="emotion-1"
        />
      </div>
    </div>
  </div>
  <div
    class="emotion-4"
  >
    <div
      aria-label="cell0x3"
      class="emotion-8"
    >
      <div
        class="emotion-0"
      >
        
        4
      </div>
      <div
        class="emotion-2"
      >
        
        
        
        <div
          class="emotion-1"
        />
      </div>
    </div>
  </div>
  <div
    class="emotion-4"
  >
    <div
      aria-label="cell0x4"
      class="emotion-8"
    >
      <div
        class="emotion-0"
      >
        
        5
      </div>
      <div
        class="emotion-2"
      >
        
        
        
        <div
          class="emotion-1"
        />
      </div>
    </div>
  </div>
  <div
    class="emotion-4"
  >
    <div
      aria-label="cell0x5"
      class="emotion-25"
    />
  </div>
  <div
    class="emotion-4"
  >
    <div
      aria-label="cell0x6"
      class="emotion-30"
    >
      <div
        class="emotion-0"
      >
        
        6
      </div>
      <div
        class="emotion-2"
      >
        
        
        
        <div
          class="emotion-1"
        />
      </div>
    </div>
  </div>
  <div
    class="emotion-4"
  >
    <div
      aria-label="cell0x7"
      class="emotion-30"
    >
      <div
        class="emotion-0"
      >
        
        7
      </div>
      <div
        class="emotion-2"
      >
        
        
        
        <div
          class="emotion-1"
        />
      </div>
    </div>
  </div>
  <div
    class="emotion-4"
  >
    <div
      aria-label="cell0x8"
      class="emotion-30"
    >
      <div
        class="emotion-0"
      >
        
        8
      </div>
      <div
        class="emotion-2"
      >
        
        
        
        <div
          class="emotion-1"
        />
      </div>
    </div>
  </div>
  <div
    class="emotion-4"
  >
    <div
      aria-label="cell0x9"
      class="emotion-30"
    >
      <div
        class="emotion-0"
      >
        
        9
      </div>
      <div
        class="emotion-2"
      >
        
        
        
        <div
          class="emotion-1"
        />
      </div>
    </div>
  </div>
  <div
    class="emotion-4"
  >
    <div
      aria-label="cell0x10"
      class="emotion-25"
    />
  </div>
  <div
    class="emotion-4"
  >
    <div
      aria-label="cell0x11"
      class="emotion-30"
    >
      <div
        class="emotion-0"
      >
        
        10
      </div>
      <div
        class="emotion-2"
      >
        
        
        
        <div
          class="emotion-1"
        />
      </div>
    </div>
  </div>
  <div
    class="emotion-4"
  >
    <div
      aria-label="cell0x12"
      class="emotion-30"
    >
      <div
        class="emotion-0"
      >
        
        11
      </div>
      <div
        class="emotion-2"
      >
        
        
        
        <div
          class="emotion-1"
        />
      </div>
    </div>
  </div>
  <div
    class="emotion-4"
  >
    <div
      aria-label="cell0x13"
      class="emotion-30"
    >
      <div
        class="emotion-0"
      >
        
        12
      </div>
      <div
        class="emotion-2"
      >
        
        
        
        <div
          class="emotion-1"
        />
      </div>
    </div>
  </div>
  <div
    class="emotion-4"
  >
    <div
      aria-label="cell0x14"
      class="emotion-30"
    >
      <div
        class="emotion-0"
      >
        
        13
      </div>
      <div
        class="emotion-2"
      >
        
        
        
        <div
          class="emotion-1"
        />
      </div>
    </div>
  </div>
  <div
    class="emotion-4"
  >
    <div
      aria-label="cell1x0"
      class="emotion-72"
    >
      <div
        class="emotion-0"
      >
        
        14
      </div>
      <div
        class="emotion-2"
      >
        
        
        
        <div
          class="emotion-1"
        />
      </div>
    </div>
  </div>
  <div
    class="emotion-4"
  >
    <div
      aria-label="cell1x1"
      class="emotion-77"
    >
      <div
        class="emotion-0"
      >
        
        
      </div>
      <div
        class="emotion-2"
      >
        
        
        
        <div
          class="emotion-1"
        />
      </div>
    </div>
  </div>
  <div
    class="emotion-4"
  >
    <div
      aria-label="cell1x2"
      class="emotion-77"
    >
      <div
        class="emotion-0"
      >
        
        
      </div>
      <div
        class="emotion-2"
      >
        
        
        
        <div
          class="emotion-1"
        />
      </div>
    </div>
  </div>
  <div
    class="emotion-4"
  >
    <div
      aria-label="cell1x3"
      class="emotion-77"
    >
      <div
        class="emotion-0"
      >
        
        
      </div>
      <div
        class="emotion-2"
      >
        
        
        
        <div
          class="emotion-1"
        />
      </div>
    </div>
  </div>
  <div
    class="emotion-4"
  >
    <div
      aria-label="cell1x4"
      class="emotion-77"
    >
      <div
        class="emotion-0"
      >
        
        
      </div>
      <div
        class="emotion-2"
      >
        
        
        
        <div
          class="emotion-1"
        />
      </div>
    </div>
  </div>
  <div
    class="emotion-4"
  >
    <div
      aria-label="cell1x5"
      class="emotion-94"
    />
  </div>
  <div
    class="emotion-4"
  >
    <div
      aria-label="cell1x6"
      class="emotion-77"
    >
      <div
        class="emotion-0"
      >
        
        15
      </div>
      <div
        class="emotion-2"
      >
        
        
        
        <div
          class="emotion-1"
        />
      </div>
    </div>
  </div>
  <div
    class="emotion-4"
  >
    <div
      aria-label="cell1x7"
      class="emotion-77"
    >
      <div
        class="emotion-0"
      >
        
        
      </div>
      <div
        class="emotion-2"
      >
        
        
        
        <div
          class="emotion-1"
        />
      </div>
    </div>
  </div>
  <div
    class="emotion-4"
  >
    <div
      aria-label="cell1x8"
      class="emotion-77"
    >
      <div
        class="emotion-0"
      >
        
        
      </div>
      <div
        class="emotion-2"
      >
        
        
        
        <div
          class="emotion-1"
        />
      </div>
    </div>
  </div>
  <div
    class="emotion-4"
  >
    <div
      aria-label="cell1x9"
      class="emotion-77"
    >
      <div
        class="emotion-0"
      >
        
        
      </div>
      <div
        class="emotion-2"
      >
        
        
        
        <div
          class="emotion-1"
        />
      </div>
    </div>
  </div>
  <div
    class="emotion-4"
  >
    <div
      aria-label="cell1x10"
      class="emotion-94"
    />
  </div>
  <div
    class="emotion-4"
  >
    <div
      aria-label="cell1x11"
      class="emotion-77"
    >
      <div
        class="emotion-0"
      >
        
        16
      </div>
      <div
        class="emotion-2"
      >
        
        
        
        <div
          class="emotion-1"
        />
      </div>
    </div>
  </div>
  <div
    class="emotion-4"
  >
    <div
      aria-label="cell1x12"
      class="emotion-77"
    >
      <div
        class="emotion-0"
      >
        
        
      </div>
      <div
        class="emotion-2"
      >
        
        
        
        <div
          class="emotion-1"
        />
      </div>
    </div>
  </div>
  <div
    class="emotion-4"
  >
    <div
      aria-label="cell1x13"
      class="emotion-77"
    >
      <div
        class="emotion-0"
      >
        
        
      </div>
      <div
        class="emotion-2"
      >
        
        
        
        <div
          class="emotion-1"
        />
      </div>
    </div>
  </div>
  <div
    class="emotion-4"
  >
    <div
      aria-label="cell1x14"
      class="emotion-77"
    >
      <div
        class="emotion-0"
      >
        
        
      </div>
      <div
        class="emotion-2"
      >
        
        
        
        <div
          class="emotion-1"
        />
      </div>
    </div>
  </div>
  <div
    class="emotion-4"
  >
    <div
      aria-label="cell2x0"
      class="emotion-72"
    >
      <div
        class="emotion-0"
      >
        
        17
      </div>
      <div
        class="emotion-2"
      >
        
        
        
        <div
          class="emotion-1"
        />
      </div>
    </div>
  </div>
  <div
    class="emotion-4"
  >
    <div
      aria-label="cell2x1"
      class="emotion-77"
    >
      <div
        class="emotion-0"
      >
        
        
      </div>
      <div
        class="emotion-2"
      >
        
        
        
        <div
          class="emotion-1"
        />
      </div>
    </div>
  </div>
  <div
    class="emotion-4"
  >
    <div
      aria-label="cell2x2"
      class="emotion-77"
    >
      <div
        class="emotion-0"
      >
        
        
      </div>
      <div
        class="emotion-2"
      >
        
        
        
        <div
          class="emotion-1"
        />
      </div>
    </div>
  </div>
  <div
    class="emotion-4"
  >
    <div
      aria-label="cell2x3"
      class="emotion-77"
    >
      <div
        class="emotion-0"
      >
        
        
      </div>
      <div
        class="emotion-2"
      >
        
        
        
        <div
          class="emotion-1"
        />
      </div>
    </div>
  </div>
  <div
    class="emotion-4"
  >
    <div
      aria-label="cell2x4"
      class="emotion-77"
    >
      <div
        class="emotion-0"
      >
        
        
      </div>
      <div
        class="emotion-2"
      >
        
        
        
        <div
          class="emotion-1"
        />
      </div>
    </div>
  </div>
  <div
    class="emotion-4"
  >
    <div
      aria-label="cell2x5"
      class="emotion-94"
    />
  </div>
  <div
    class="emotion-4"
  >
    <div
      aria-label="cell2x6"
      class="emotion-77"
    >
      <div
        class="emotion-0"
      >
        
        18
      </div>
      <div
        class="emotion-2"
      >
        
        
        
        <div
          class="emotion-1"
        />
      </div>
    </div>
  </div>
  <div
    class="emotion-4"
  >
    <div
      aria-label="cell2x7"
      class="emotion-77"
    >
      <div
        class="emotion-0"
      >
        
        
      </div>
      <div
        class="emotion-2"
      >
        
        
        
        <div
          class="emotion-1"
        />
      </div>
    </div>
  </div>
  <div
    class="emotion-4"
  >
    <div
      aria-label="cell2x8"
      class="emotion-77"
    >
      <div
        class="emotion-0"
      >
        
        
      </div>
      <div
        class="emotion-2"
      >
        
        
        
        <div
          class="emotion-1"
        />
      </div>
    </div>
  </div>
  <div
    class="emotion-4"
  >
    <div
      aria-label="cell2x9"
      class="emotion-77"
    >
      <div
        class="emotion-0"
      >
        
        
      </div>
      <div
        class="emotion-2"
      >
        
        
        
        <div
          class="emotion-1"
        />
      </div>
    </div>
  </div>
  <div
    class="emotion-4"
  >
    <div
      aria-label="cell2x10"
      class="emotion-77"
    >
      <div
        class="emotion-0"
      >
        
        19
      </div>
      <div
        class="emotion-2"
      >
        
        
        
        <div
          class="emotion-1"
        />
      </div>
    </div>
  </div>
  <div
    class="emotion-4"
  >
    <div
      aria-label="cell2x11"
      class="emotion-77"
    >
      <div
        class="emotion-0"
      >
        
        
      </div>
      <div
        class="emotion-2"
      >
        
        
        
        <div
          class="emotion-1"
        />
      </div>
    </div>
  </div>
  <div
    class="emotion-4"
  >
    <div
      aria-label="cell2x12"
      class="emotion-77"
    >
      <div
        class="emotion-0"
      >
        
        
      </div>
      <div
        class="emotion-2"
      >
        
        
        
        <div
          class="emotion-1"
        />
      </div>
    </div>
  </div>
  <div
    class="emotion-4"
  >
    <div
      aria-label="cell2x13"
      class="emotion-77"
    >
      <div
        class="emotion-0"
      >
        
        
      </div>
      <div
        class="emotion-2"
      >
        
        
        
        <div
          class="emotion-1"
        />
      </div>
    </div>
  </div>
  <div
    class="emotion-4"
  >
    <div
      aria-label="cell2x14"
      class="emotion-77"
    >
      <div
        class="emotion-0"
      >
        
        
      </div>
      <div
        class="emotion-2"
      >
        
        
        
        <div
          class="emotion-1"
        />
      </div>
    </div>
  </div>
  <div
    class="emotion-4"
  >
    <div
      aria-label="cell3x0"
      class="emotion-72"
    >
      <div
        class="emotion-0"
      >
        
        20
      </div>
      <div
        class="emotion-2"
      >
        
        
        
        <div
          class="emotion-1"
        />
      </div>
    </div>
  </div>
  <div
    class="emotion-4"
  >
    <div
      aria-label="cell3x1"
      class="emotion-77"
    >
      <div
        class="emotion-0"
      >
        
        
      </div>
      <div
        class="emotion-2"
      >
        
        
        
        <div
          class="emotion-1"
        />
      </div>
    </div>
  </div>
  <div
    class="emotion-4"
  >
    <div
      aria-label="cell3x2"
      class="emotion-77"
    >
      <div
        class="emotion-0"
      >
        
        
      </div>
      <div
        class="emotion-2"
      >
        
        
        
        <div
          class="emotion-1"
        />
      </div>
    </div>
  </div>
  <div
    class="emotion-4"
  >
    <div
      aria-label="cell3x3"
      class="emotion-77"
    >
      <div
        class="emotion-0"
      >
        
        
      </div>
      <div
        class="emotion-2"
      >
        
        
        
        <div
          class="emotion-1"
        />
      </div>
    </div>
  </div>
  <div
    class="emotion-4"
  >
    <div
      aria-label="cell3x4"
      class="emotion-77"
    >
      <div
        class="emotion-0"
      >
        
        
      </div>
      <div
        class="emotion-2"
      >
        
        
        
        <div
          class="emotion-1"
        />
      </div>
    </div>
  </div>
  <div
    class="emotion-4"
  >
    <div
      aria-label="cell3x5"
      class="emotion-77"
    >
      <div
        class="emotion-0"
      >
        
        21
      </div>
      <div
        class="emotion-2"
      >
        
        
        
        <div
          class="emotion-1"
        />
      </div>
    </div>
  </div>
  <div
    class="emotion-4"
  >
    <div
      aria-label="cell3x6"
      class="emotion-77"
    >
      <div
        class="emotion-0"
      >
        
        
      </div>
      <div
        class="emotion-2"
      >
        
        
        
        <div
          class="emotion-1"
        />
      </div>
    </div>
  </div>
  <div
    class="emotion-4"
  >
    <div
      aria-label="cell3x7"
      class="emotion-77"
    >
      <div
        class="emotion-0"
      >
        
        
      </div>
      <div
        class="emotion-2"
      >
        
        
        
        <div
          class="emotion-1"
        />
      </div>
    </div>
  </div>
  <div
    class="emotion-4"
  >
    <div
      aria-label="cell3x8"
      class="emotion-77"
    >
      <div
        class="emotion-0"
      >
        
        
      </div>
      <div
        class="emotion-2"
      >
        
        
        
        <div
          class="emotion-1"
        />
      </div>
    </div>
  </div>
  <div
    class="emotion-4"
  >
    <div
      aria-label="cell3x9"
      class="emotion-77"
    >
      <div
        class="emotion-0"
      >
        
        
      </div>
      <div
        class="emotion-2"
      >
        
        
        
        <div
          class="emotion-1"
        />
      </div>
    </div>
  </div>
  <div
    class="emotion-4"
  >
    <div
      aria-label="cell3x10"
      class="emotion-77"
    >
      <div
        class="emotion-0"
      >
        
        
      </div>
      <div
        class="emotion-2"
      >
        
        
        
        <div
          class="emotion-1"
        />
      </div>
    </div>
  </div>
  <div
    class="emotion-4"
  >
    <div
      aria-label="cell3x11"
      class="emotion-77"
    >
      <div
        class="emotion-0"
      >
        
        
      </div>
      <div
        class="emotion-2"
      >
        
        
        
        <div
          class="emotion-1"
        />
      </div>
    </div>
  </div>
  <div
    class="emotion-4"
  >
    <div
      aria-label="cell3x12"
      class="emotion-94"
    />
  </div>
  <div
    class="emotion-4"
  >
    <div
      aria-label="cell3x13"
      class="emotion-94"
    />
  </div>
  <div
    class="emotion-4"
  >
    <div
      aria-label="cell3x14"
      class="emotion-94"
    />
  </div>
  <div
    class="emotion-4"
  >
    <div
      aria-label="cell4x0"
      class="emotion-72"
    >
      <div
        class="emotion-0"
      >
        
        22
      </div>
      <div
        class="emotion-2"
      >
        
        
        
        <div
          class="emotion-1"
        />
      </div>
    </div>
  </div>
  <div
    class="emotion-4"
  >
    <div
      aria-label="cell4x1"
      class="emotion-77"
    >
      <div
        class="emotion-0"
      >
        
        
      </div>
      <div
        class="emotion-2"
      >
        
        
        
        <div
          class="emotion-1"
        />
      </div>
    </div>
  </div>
  <div
    class="emotion-4"
  >
    <div
      aria-label="cell4x2"
      class="emotion-77"
    >
      <div
        class="emotion-0"
      >
        
        
      </div>
      <div
        class="emotion-2"
      >
        
        
        
        <div
          class="emotion-1"
        />
      </div>
    </div>
  </div>
  <div
    class="emotion-4"
  >
    <div
      aria-label="cell4x3"
      class="emotion-94"
    />
  </div>
  <div
    class="emotion-4"
  >
    <div
      aria-label="cell4x4"
      class="emotion-77"
    >
      <div
        class="emotion-0"
      >
        
        23
      </div>
      <div
        class="emotion-2"
      >
        
        
        
        <div
          class="emotion-1"
        />
      </div>
    </div>
  </div>
  <div
    class="emotion-4"
  >
    <div
      aria-label="cell4x5"
      class="emotion-77"
    >
      <div
        class="emotion-0"
      >
        
        
      </div>
      <div
        class="emotion-2"
      >
        
        
        
        <div
          class="emotion-1"
        />
      </div>
    </div>
  </div>
  <div
    class="emotion-4"
  >
    <div
      aria-label="cell4x6"
      class="emotion-77"
    >
      <div
        class="emotion-0"
      >
        
        
      </div>
      <div
        class="emotion-2"
      >
        
        
        
        <div
          class="emotion-1"
        />
      </div>
    </div>
  </div>
  <div
    class="emotion-4"
  >
    <div
      aria-label="cell4x7"
      class="emotion-94"
    />
  </div>
  <div
    class="emotion-4"
  >
    <div
      aria-label="cell4x8"
      class="emotion-94"
    />
  </div>
  <div
    class="emotion-4"
  >
    <div
      aria-label="cell4x9"
      class="emotion-94"
    />
  </div>
  <div
    class="emotion-4"
  >
    <div
      aria-label="cell4x10"
      class="emotion-77"
    >
      <div
        class="emotion-0"
      >
        
        24
      </div>
      <div
        class="emotion-2"
      >
        
        
        
        <div
          class="emotion-1"
        />
      </div>
    </div>
  </div>
  <div
    class="emotion-4"
  >
    <div
      aria-label="cell4x11"
      class="emotion-77"
    >
      <div
        class="emotion-0"
      >
        
        
      </div>
      <div
        class="emotion-2"
      >
        
        
        
        <div
          class="emotion-1"
        />
      </div>
    </div>
  </div>
  <div
    class="emotion-4"
  >
    <div
      aria-label="cell4x12"
      class="emotion-77"
    >
      <div
        class="emotion-0"
      >
        
        25
      </div>
      <div
        class="emotion-2"
      >
        
        
        
        <div
          class="emotion-1"
        />
      </div>
    </div>
  </div>
  <div
    class="emotion-4"
  >
    <div
      aria-label="cell4x13"
      class="emotion-77"
    >
      <div
        class="emotion-0"
      >
        
        26
      </div>
      <div
        class="emotion-2"
      >
        
        
        
        <div
          class="emotion-1"
        />
      </div>
    </div>
  </div>
  <div
    class="emotion-4"
  >
    <div
      aria-label="cell4x14"
      class="emotion-77"
    >
      <div
        class="emotion-0"
      >
        
        27
      </div>
      <div
        class="emotion-2"
      >
        
        
        
        <div
          class="emotion-1"
        />
      </div>
    </div>
  </div>
  <div
    class="emotion-4"
  >
    <div
      aria-label="cell5x0"
      class="emotion-72"
    >
      <div
        class="emotion-0"
      >
        
        28
      </div>
      <div
        class="emotion-2"
      >
        
        
        
        <div
          class="emotion-1"
        />
      </div>
    </div>
  </div>
  <div
    class="emotion-4"
  >
    <div
      aria-label="cell5x1"
      class="emotion-77"
    >
      <div
        class="emotion-0"
      >
        
        
      </div>
      <div
        class="emotion-2"
      >
        
        
        
        <div
          class="emotion-1"
        />
      </div>
    </div>
  </div>
  <div
    class="emotion-4"
  >
    <div
      aria-label="cell5x2"
      class="emotion-77"
    >
      <div
        class="emotion-0"
      >
        
        
      </div>
      <div
        class="emotion-2"
      >
        
        
        
        <div
          class="emotion-1"
        />
      </div>
    </div>
  </div>
  <div
    class="emotion-4"
  >
    <div
      aria-label="cell5x3"
      class="emotion-77"
    >
      <div
        class="emotion-0"
      >
        
        29
      </div>
      <div
        class="emotion-2"
      >
        
        
        
        <div
          class="emotion-1"
        />
      </div>
    </div>
  </div>
  <div
    class="emotion-4"
  >
    <div
      aria-label="cell5x4"
      class="emotion-77"
    >
      <div
        class="emotion-0"
      >
        
        
      </div>
      <div
        class="emotion-2"
      >
        
        
        
        <div
          class="emotion-1"
        />
      </div>
    </div>
  </div>
  <div
    class="emotion-4"
  >
    <div
      aria-label="cell5x5"
      class="emotion-77"
    >
      <div
        class="emotion-0"
      >
        
        
      </div>
      <div
        class="emotion-2"
      >
        
        
        
        <div
          class="emotion-1"
        />
      </div>
    </div>
  </div>
  <div
    class="emotion-4"
  >
    <div
      aria-label="cell5x6"
      class="emotion-94"
    />
  </div>
  <div
    class="emotion-4"
  >
    <div
      aria-label="cell5x7"
      class="emotion-77"
    >
      <div
        class="emotion-0"
      >
        
        30
      </div>
      <div
        class="emotion-2"
      >
        
        
        
        <div
          class="emotion-1"
        />
      </div>
    </div>
  </div>
  <div
    class="emotion-4"
  >
    <div
      aria-label="cell5x8"
      class="emotion-77"
    >
      <div
        class="emotion-0"
      >
        
        31
      </div>
      <div
        class="emotion-2"
      >
        
        
        
        <div
          class="emotion-1"
        />
      </div>
    </div>
  </div>
  <div
    class="emotion-4"
  >
    <div
      aria-label="cell5x9"
      class="emotion-77"
    >
      <div
        class="emotion-0"
      >
        
        32
      </div>
      <div
        class="emotion-2"
      >
        
        
        
        <div
          class="emotion-1"
        />
      </div>
    </div>
  </div>
  <div
    class="emotion-4"
  >
    <div
      aria-label="cell5x10"
      class="emotion-77"
    >
      <div
        class="emotion-0"
      >
        
        
      </div>
      <div
        class="emotion-2"
      >
        
        
        
        <div
          class="emotion-1"
        />
      </div>
    </div>
  </div>
  <div
    class="emotion-4"
  >
    <div
      aria-label="cell5x11"
      class="emotion-94"
    />
  </div>
  <div
    class="emotion-4"
  >
    <div
      aria-label="cell5x12"
      class="emotion-77"
    >
      <div
        class="emotion-0"
      >
        
        33
      </div>
      <div
        class="emotion-2"
      >
        
        
        
        <div
          class="emotion-1"
        />
      </div>
    </div>
  </div>
  <div
    class="emotion-4"
  >
    <div
      aria-label="cell5x13"
      class="emotion-77"
    >
      <div
        class="emotion-0"
      >
        
        
      </div>
      <div
        class="emotion-2"
      >
        
        
        
        <div
          class="emotion-1"
        />
      </div>
    </div>
  </div>
  <div
    class="emotion-4"
  >
    <div
      aria-label="cell5x14"
      class="emotion-77"
    >
      <div
        class="emotion-0"
      >
        
        
      </div>
      <div
        class="emotion-2"
      >
        
        
        
        <div
          class="emotion-1"
        />
      </div>
    </div>
  </div>
  <div
    class="emotion-4"
  >
    <div
      aria-label="cell6x0"
      class="emotion-72"
    >
      <div
        class="emotion-0"
      >
        
        34
      </div>
      <div
        class="emotion-2"
      >
        
        
        
        <div
          class="emotion-1"
        />
      </div>
    </div>
  </div>
  <div
    class="emotion-4"
  >
    <div
      aria-label="cell6x1"
      class="emotion-77"
    >
      <div
        class="emotion-0"
      >
        
        
      </div>
      <div
        class="emotion-2"
      >
        
        
        
        <div
          class="emotion-1"
        />
      </div>
    </div>
  </div>
  <div
    class="emotion-4"
  >
    <div
      aria-label="cell6x2"
      class="emotion-77"
    >
      <div
        class="emotion-0"
      >
        
        
      </div>
      <div
        class="emotion-2"
      >
        
        
        
        <div
          class="emotion-1"
        />
      </div>
    </div>
  </div>
  <div
    class="emotion-4"
  >
    <div
      aria-label="cell6x3"
      class="emotion-77"
    >
      <div
        class="emotion-0"
      >
        
        
      </div>
      <div
        class="emotion-2"
      >
        
        
        
        <div
          class="emotion-1"
        />
      </div>
    </div>
  </div>
  <div
    class="emotion-4"
  >
    <div
      aria-label="cell6x4"
      class="emotion-77"
    >
      <div
        class="emotion-0"
      >
        
        
      </div>
      <div
        class="emotion-2"
      >
        
        
        
        <div
          class="emotion-1"
        />
      </div>
    </div>
  </div>
  <div
    class="emotion-4"
  >
    <div
      aria-label="cell6x5"
      class="emotion-94"
    />
  </div>
  <div
    class="emotion-4"
  >
    <div
      aria-label="cell6x6"
      class="emotion-77"
    >
      <div
        class="emotion-0"
      >
        
        35
      </div>
      <div
        class="emotion-2"
      >
        
        
        
        <div
          class="emotion-1"
        />
      </div>
    </div>
  </div>
  <div
    class="emotion-4"
  >
    <div
      aria-label="cell6x7"
      class="emotion-77"
    >
      <div
        class="emotion-0"
      >
        
        
      </div>
      <div
        class="emotion-2"
      >
        
        
        
        <div
          class="emotion-1"
        />
      </div>
    </div>
  </div>
  <div
    class="emotion-4"
  >
    <div
      aria-label="cell6x8"
      class="emotion-77"
    >
      <div
        class="emotion-0"
      >
        
        
      </div>
      <div
        class="emotion-2"
      >
        
        
        
        <div
          class="emotion-1"
        />
      </div>
    </div>
  </div>
  <div
    class="emotion-4"
  >
    <div
      aria-label="cell6x9"
      class="emotion-77"
    >
      <div
        class="emotion-0"
      >
        
        
      </div>
      <div
        class="emotion-2"
      >
        
        
        
        <div
          class="emotion-1"
        />
      </div>
    </div>
  </div>
  <div
    class="emotion-4"
  >
    <div
      aria-label="cell6x10"
      class="emotion-94"
    />
  </div>
  <div
    class="emotion-4"
  >
    <div
      aria-label="cell6x11"
      class="emotion-77"
    >
      <div
        class="emotion-0"
      >
        
        36
      </div>
      <div
        class="emotion-2"
      >
        
        
        
        <div
          class="emotion-1"
        />
      </div>
    </div>
  </div>
  <div
    class="emotion-4"
  >
    <div
      aria-label="cell6x12"
      class="emotion-77"
    >
      <div
        class="emotion-0"
      >
        
        
      </div>
      <div
        class="emotion-2"
      >
        
        
        
        <div
          class="emotion-1"
        />
      </div>
    </div>
  </div>
  <div
    class="emotion-4"
  >
    <div
      aria-label="cell6x13"
      class="emotion-77"
    >
      <div
        class="emotion-0"
      >
        
        
      </div>
      <div
        class="emotion-2"
      >
        
        
        
        <div
          class="emotion-1"
        />
      </div>
    </div>
  </div>
  <div
    class="emotion-4"
  >
    <div
      aria-label="cell6x14"
      class="emotion-77"
    >
      <div
        class="emotion-0"
      >
        
        
      </div>
      <div
        class="emotion-2"
      >
        
        
        
        <div
          class="emotion-1"
        />
      </div>
    </div>
  </div>
  <div
    class="emotion-4"
  >
    <div
      aria-label="cell7x0"
      class="emotion-477"
    />
  </div>
  <div
    class="emotion-4"
  >
    <div
      aria-label="cell7x1"
      class="emotion-94"
    />
  </div>
  <div
    class="emotion-4"
  >
    <div
      aria-label="cell7x2"
      class="emotion-77"
    >
      <div
        class="emotion-0"
      >
        
        37
      </div>
      <div
        class="emotion-2"
      >
        
        
        
        <div
          class="emotion-1"
        />
      </div>
    </div>
  </div>
  <div
    class="emotion-4"
  >
    <div
      aria-label="cell7x3"
      class="emotion-77"
    >
      <div
        class="emotion-0"
      >
        
        
      </div>
      <div
        class="emotion-2"
      >
        
        
        
        <div
          class="emotion-1"
        />
      </div>
    </div>
  </div>
  <div
    class="emotion-4"
  >
    <div
      aria-label="cell7x4"
      class="emotion-77"
    >
      <div
        class="emotion-0"
      >
        
        
      </div>
      <div
        class="emotion-2"
      >
        
        
        
        <div
          class="emotion-1"
        />
      </div>
    </div>
  </div>
  <div
    class="emotion-4"
  >
    <div
      aria-label="cell7x5"
      class="emotion-77"
    >
      <div
        class="emotion-0"
      >
        
        38
      </div>
      <div
        class="emotion-2"
      >
        
        
        
        <div
          class="emotion-1"
        />
      </div>
    </div>
  </div>
  <div
    class="emotion-4"
  >
    <div
      aria-label="cell7x6"
      class="emotion-77"
    >
      <div
        class="emotion-0"
      >
        
        
      </div>
      <div
        class="emotion-2"
      >
        
        
        
        <div
          class="emotion-1"
        />
      </div>
    </div>
  </div>
  <div
    class="emotion-4"
  >
    <div
      aria-label="cell7x7"
      class="emotion-77"
    >
      <div
        class="emotion-0"
      >
        
        
      </div>
      <div
        class="emotion-2"
      >
        
        
        
        <div
          class="emotion-1"
        />
      </div>
    </div>
  </div>
  <div
    class="emotion-4"
  >
    <div
      aria-label="cell7x8"
      class="emotion-77"
    >
      <div
        class="emotion-0"
      >
        
        
      </div>
      <div
        class="emotion-2"
      >
        
        
        
        <div
          class="emotion-1"
        />
      </div>
    </div>
  </div>
  <div
    class="emotion-4"
  >
    <div
      aria-label="cell7x9"
      class="emotion-77"
    >
      <div
        class="emotion-0"
      >
        
        
      </div>
      <div
        class="emotion-2"
      >
        
        
        
        <div
          class="emotion-1"
        />
      </div>
    </div>
  </div>
  <div
    class="emotion-4"
  >
    <div
      aria-label="cell7x10"
      class="emotion-77"
    >
      <div
        class="emotion-0"
      >
        
        39
      </div>
      <div
        class="emotion-2"
      >
        
        
        
        <div
          class="emotion-1"
        />
      </div>
    </div>
  </div>
  <div
    class="emotion-4"
  >
    <div
      aria-label="cell7x11"
      class="emotion-77"
    >
      <div
        class="emotion-0"
      >
        
        
      </div>
      <div
        class="emotion-2"
      >
        
        
        
        <div
          class="emotion-1"
        />
      </div>
    </div>
  </div>
  <div
    class="emotion-4"
  >
    <div
      aria-label="cell7x12"
      class="emotion-77"
    >
      <div
        class="emotion-0"
      >
        
        
      </div>
      <div
        class="emotion-2"
      >
        
        
        
        <div
          class="emotion-1"
        />
      </div>
    </div>
  </div>
  <div
    class="emotion-4"
  >
    <div
      aria-label="cell7x13"
      class="emotion-94"
    />
  </div>
  <div
    class="emotion-4"
  >
    <div
      aria-label="cell7x14"
      class="emotion-94"
    />
  </div>
  <div
    class="emotion-4"
  >
    <div
      aria-label="cell8x0"
      class="emotion-72"
    >
      <div
        class="emotion-0"
      >
        
        40
      </div>
      <div
        class="emotion-2"
      >
        
        
        
        <div
          class="emotion-1"
        />
      </div>
    </div>
  </div>
  <div
    class="emotion-4"
  >
    <div
      aria-label="cell8x1"
      class="emotion-77"
    >
      <div
        class="emotion-0"
      >
        
        41
      </div>
      <div
        class="emotion-2"
      >
        
        
        
        <div
          class="emotion-1"
        />
      </div>
    </div>
  </div>
  <div
    class="emotion-4"
  >
    <div
      aria-label="cell8x2"
      class="emotion-77"
    >
      <div
        class="emotion-0"
      >
        
        
      </div>
      <div
        class="emotion-2"
      >
        
        
        
        <div
          class="emotion-1"
        />
      </div>
    </div>
  </div>
  <div
    class="emotion-4"
  >
    <div
      aria-label="cell8x3"
      class="emotion-77"
    >
      <div
        class="emotion-0"
      >
        
        
      </div>
      <div
        class="emotion-2"
      >
        
        
        
        <div
          class="emotion-1"
        />
      </div>
    </div>
  </div>
  <div
    class="emotion-4"
  >
    <div
      aria-label="cell8x4"
      class="emotion-94"
    />
  </div>
  <div
    class="emotion-4"
  >
    <div
      aria-label="cell8x5"
      class="emotion-77"
    >
      <div
        class="emotion-0"
      >
        
        42
      </div>
      <div
        class="emotion-2"
      >
        
        
        
        <div
          class="emotion-1"
        />
      </div>
    </div>
  </div>
  <div
    class="emotion-4"
  >
    <div
      aria-label="cell8x6"
      class="emotion-77"
    >
      <div
        class="emotion-0"
      >
        
        
      </div>
      <div
        class="emotion-2"
      >
        
        
        
        <div
          class="emotion-1"
        />
      </div>
    </div>
  </div>
  <div
    class="emotion-4"
  >
    <div
      aria-label="cell8x7"
      class="emotion-77"
    >
      <div
        class="emotion-0"
      >
        
        
      </div>
      <div
        class="emotion-2"
      >
        
        
        
        <div
          class="emotion-1"
        />
      </div>
    </div>
  </div>
  <div
    class="emotion-4"
  >
    <div
      aria-label="cell8x8"
      class="emotion-77"
    >
      <div
        class="emotion-0"
      >
        
        
      </div>
      <div
        class="emotion-2"
      >
        
        
        
        <div
          class="emotion-1"
        />
      </div>
    </div>
  </div>
  <div
    class="emotion-4"
  >
    <div
      aria-label="cell8x9"
      class="emotion-94"
    />
  </div>
  <div
    class="emotion-4"
  >
    <div
      aria-label="cell8x10"
      class="emotion-77"
    >
      <div
        class="emotion-0"
      >
        
        43
      </div>
      <div
        class="emotion-2"
      >
        
        
        
        <div
          class="emotion-1"
        />
      </div>
    </div>
  </div>
  <div
    class="emotion-4"
  >
    <div
      aria-label="cell8x11"
      class="emotion-77"
    >
      <div
        class="emotion-0"
      >
        
        
      </div>
      <div
        class="emotion-2"
      >
        
        
        
        <div
          class="emotion-1"
        />
      </div>
    </div>
  </div>
  <div
    class="emotion-4"
  >
    <div
      aria-label="cell8x12"
      class="emotion-77"
    >
      <div
        class="emotion-0"
      >
        
        
      </div>
      <div
        class="emotion-2"
      >
        
        
        
        <div
          class="emotion-1"
        />
      </div>
    </div>
  </div>
  <div
    class="emotion-4"
  >
    <div
      aria-label="cell8x13"
      class="emotion-77"
    >
      <div
        class="emotion-0"
      >
        
        44
      </div>
      <div
        class="emotion-2"
      >
        
        
        
        <div
          class="emotion-1"
        />
      </div>
    </div>
  </div>
  <div
    class="emotion-4"
  >
    <div
      aria-label="cell8x14"
      class="emotion-77"
    >
      <div
        class="emotion-0"
      >
        
        45
      </div>
      <div
        class="emotion-2"
      >
        
        
        
        <div
          class="emotion-1"
        />
      </div>
    </div>
  </div>
  <div
    class="emotion-4"
  >
    <div
      aria-label="cell9x0"
      class="emotion-72"
    >
      <div
        class="emotion-0"
      >
        
        46
      </div>
      <div
        class="emotion-2"
      >
        
        
        
        <div
          class="emotion-1"
        />
      </div>
    </div>
  </div>
  <div
    class="emotion-4"
  >
    <div
      aria-label="cell9x1"
      class="emotion-77"
    >
      <div
        class="emotion-0"
      >
        
        
      </div>
      <div
        class="emotion-2"
      >
        
        
        
        <div
          class="emotion-1"
        />
      </div>
    </div>
  </div>
  <div
    class="emotion-4"
  >
    <div
      aria-label="cell9x2"
      class="emotion-77"
    >
      <div
        class="emotion-0"
      >
        
        
      </div>
      <div
        class="emotion-2"
      >
        
        
        
        <div
          class="emotion-1"
        />
      </div>
    </div>
  </div>
  <div
    class="emotion-4"
  >
    <div
      aria-label="cell9x3"
      class="emotion-94"
    />
  </div>
  <div
    class="emotion-4"
  >
    <div
      aria-label="cell9x4"
      class="emotion-77"
    >
      <div
        class="emotion-0"
      >
        
        47
      </div>
      <div
        class="emotion-2"
      >
        
        
        
        <div
          class="emotion-1"
        />
      </div>
    </div>
  </div>
  <div
    class="emotion-4"
  >
    <div
      aria-label="cell9x5"
      class="emotion-77"
    >
      <div
        class="emotion-0"
      >
        
        
      </div>
      <div
        class="emotion-2"
      >
        
        
        
        <div
          class="emotion-1"
        />
      </div>
    </div>
  </div>
  <div
    class="emotion-4"
  >
    <div
      aria-label="cell9x6"
      class="emotion-77"
    >
      <div
        class="emotion-0"
      >
        
        
      </div>
      <div
        class="emotion-2"
      >
        
        
        
        <div
          class="emotion-1"
        />
      </div>
    </div>
  </div>
  <div
    class="emotion-4"
  >
    <div
      aria-label="cell9x7"
      class="emotion-77"
    >
      <div
        class="emotion-0"
      >
        
        
      </div>
      <div
        class="emotion-2"
      >
        
        
        
        <div
          class="emotion-1"
        />
      </div>
    </div>
  </div>
  <div
    class="emotion-4"
  >
    <div
      aria-label="cell9x8"
      class="emotion-94"
    />
  </div>
  <div
    class="emotion-4"
  >
    <div
      aria-label="cell9x9"
      class="emotion-77"
    >
      <div
        class="emotion-0"
      >
        
        48
      </div>
      <div
        class="emotion-2"
      >
        
        
        
        <div
          class="emotion-1"
        />
      </div>
    </div>
  </div>
  <div
    class="emotion-4"
  >
    <div
      aria-label="cell9x10"
      class="emotion-77"
    >
      <div
        class="emotion-0"
      >
        
        
      </div>
      <div
        class="emotion-2"
      >
        
        
        
        <div
          class="emotion-1"
        />
      </div>
    </div>
  </div>
  <div
    class="emotion-4"
  >
    <div
      aria-label="cell9x11"
      class="emotion-77"
    >
      <div
        class="emotion-0"
      >
        
        
      </div>
      <div
        class="emotion-2"
      >
        
        
        
        <div
          class="emotion-1"
        />
      </div>
    </div>
  </div>
  <div
    class="emotion-4"
  >
    <div
      aria-label="cell9x12"
      class="emotion-77"
    >
      <div
        class="emotion-0"
      >
        
        
      </div>
      <div
        class="emotion-2"
      >
        
        
        
        <div
          class="emotion-1"
        />
      </div>
    </div>
  </div>
  <div
    class="emotion-4"
  >
    <div
      aria-label="cell9x13"
      class="emotion-77"
    >
      <div
        class="emotion-0"
      >
        
        
      </div>
      <div
        class="emotion-2"
      >
        
        
        
        <div
          class="emotion-1"
        />
      </div>
    </div>
  </div>
  <div
    class="emotion-4"
  >
    <div
      aria-label="cell9x14"
      class="emotion-77"
    >
      <div
        class="emotion-0"
      >
        
        
      </div>
      <div
        class="emotion-2"
      >
        
        
        
        <div
          class="emotion-1"
        />
      </div>
    </div>
  </div>
  <div
    class="emotion-4"
  >
    <div
      aria-label="cell10x0"
      class="emotion-72"
    >
      <div
        class="emotion-0"
      >
        
        49
      </div>
      <div
        class="emotion-2"
      >
        
        
        
        <div
          class="emotion-1"
        />
      </div>
    </div>
  </div>
  <div
    class="emotion-4"
  >
    <div
      aria-label="cell10x1"
      class="emotion-77"
    >
      <div
        class="emotion-0"
      >
        
        
      </div>
      <div
        class="emotion-2"
      >
        
        
        
        <div
          class="emotion-1"
        />
      </div>
    </div>
  </div>
  <div
    class="emotion-4"
  >
    <div
      aria-label="cell10x2"
      class="emotion-77"
    >
      <div
        class="emotion-0"
      >
        
        
      </div>
      <div
        class="emotion-2"
      >
        
        
        
        <div
          class="emotion-1"
        />
      </div>
    </div>
  </div>
  <div
    class="emotion-4"
  >
    <div
      aria-label="cell10x3"
      class="emotion-77"
    >
      <div
        class="emotion-0"
      >
        
        50
      </div>
      <div
        class="emotion-2"
      >
        
        
        
        <div
          class="emotion-1"
        />
      </div>
    </div>
  </div>
  <div
    class="emotion-4"
  >
    <div
      aria-label="cell10x4"
      class="emotion-77"
    >
      <div
        class="emotion-0"
      >
        
        
      </div>
      <div
        class="emotion-2"
      >
        
        
        
        <div
          class="emotion-1"
        />
      </div>
    </div>
  </div>
  <div
    class="emotion-4"
  >
    <div
      aria-label="cell10x5"
      class="emotion-94"
    />
  </div>
  <div
    class="emotion-4"
  >
    <div
      aria-label="cell10x6"
      class="emotion-94"
    />
  </div>
  <div
    class="emotion-4"
  >
    <div
      aria-label="cell10x7"
      class="emotion-94"
    />
  </div>
  <div
    class="emotion-4"
  >
    <div
      aria-label="cell10x8"
      class="emotion-77"
    >
      <div
        class="emotion-0"
      >
        
        51
      </div>
      <div
        class="emotion-2"
      >
        
        
        
        <div
          class="emotion-1"
        />
      </div>
    </div>
  </div>
  <div
    class="emotion-4"
  >
    <div
      aria-label="cell10x9"
      class="emotion-77"
    >
      <div
        class="emotion-0"
      >
        
        
      </div>
      <div
        class="emotion-2"
      >
        
        
        
        <div
          class="emotion-1"
        />
      </div>
    </div>
  </div>
  <div
    class="emotion-4"
  >
    <div
      aria-label="cell10x10"
      class="emotion-77"
    >
      <div
        class="emotion-0"
      >
        
        
      </div>
      <div
        class="emotion-2"
      >
        
        
        
        <div
          class="emotion-1"
        />
      </div>
    </div>
  </div>
  <div
    class="emotion-4"
  >
    <div
      aria-label="cell10x11"
      class="emotion-94"
    />
  </div>
  <div
    class="emotion-4"
  >
    <div
      aria-label="cell10x12"
      class="emotion-77"
    >
      <div
        class="emotion-0"
      >
        
        52
      </div>
      <div
        class="emotion-2"
      >
        
        
        
        <div
          class="emotion-1"
        />
      </div>
    </div>
  </div>
  <div
    class="emotion-4"
  >
    <div
      aria-label="cell10x13"
      class="emotion-77"
    >
      <div
        class="emotion-0"
      >
        
        
      </div>
      <div
        class="emotion-2"
      >
        
        
        
        <div
          class="emotion-1"
        />
      </div>
    </div>
  </div>
  <div
    class="emotion-4"
  >
    <div
      aria-label="cell10x14"
      class="emotion-77"
    >
      <div
        class="emotion-0"
      >
        
        
      </div>
      <div
        class="emotion-2"
      >
        
        
        
        <div
          class="emotion-1"
        />
      </div>
    </div>
  </div>
  <div
    class="emotion-4"
  >
    <div
      aria-label="cell11x0"
      class="emotion-477"
    />
  </div>
  <div
    class="emotion-4"
  >
    <div
      aria-label="cell11x1"
      class="emotion-94"
    />
  </div>
  <div
    class="emotion-4"
  >
    <div
      aria-label="cell11x2"
      class="emotion-94"
    />
  </div>
  <div
    class="emotion-4"
  >
    <div
      aria-label="cell11x3"
      class="emotion-77"
    >
      <div
        class="emotion-0"
      >
        
        53
      </div>
      <div
        class="emotion-2"
      >
        
        
        
        <div
          class="emotion-1"
        />
      </div>
    </div>
  </div>
  <div
    class="emotion-4"
  >
    <div
      aria-label="cell11x4"
      class="emotion-77"
    >
      <div
        class="emotion-0"
      >
        
        
      </div>
      <div
        class="emotion-2"
      >
        
        
        
        <div
          class="emotion-1"
        />
      </div>
    </div>
  </div>
  <div
    class="emotion-4"
  >
    <div
      aria-label="cell11x5"
      class="emotion-77"
    >
      <div
        class="emotion-0"
      >
        
        54
      </div>
      <div
        class="emotion-2"
      >
        
        
        
        <div
          class="emotion-1"
        />
      </div>
    </div>
  </div>
  <div
    class="emotion-4"
  >
    <div
      aria-label="cell11x6"
      class="emotion-77"
    >
      <div
        class="emotion-0"
      >
        
        55
      </div>
      <div
        class="emotion-2"
      >
        
        
        
        <div
          class="emotion-1"
        />
      </div>
    </div>
  </div>
  <div
    class="emotion-4"
  >
    <div
      aria-label="cell11x7"
      class="emotion-77"
    >
      <div
        class="emotion-0"
      >
        
        56
      </div>
      <div
        class="emotion-2"
      >
        
        
        
        <div
          class="emotion-1"
        />
      </div>
    </div>
  </div>
  <div
    class="emotion-4"
  >
    <div
      aria-label="cell11x8"
      class="emotion-77"
    >
      <div
        class="emotion-0"
      >
        
        
      </div>
      <div
        class="emotion-2"
      >
        
        
        
        <div
          class="emotion-1"
        />
      </div>
    </div>
  </div>
  <div
    class="emotion-4"
  >
    <div
      aria-label="cell11x9"
      class="emotion-77"
    >
      <div
        class="emotion-0"
      >
        
        
      </div>
      <div
        class="emotion-2"
      >
        
        
        
        <div
          class="emotion-1"
        />
      </div>
    </div>
  </div>
  <div
    class="emotion-4"
  >
    <div
      aria-label="cell11x10"
      class="emotion-77"
    >
      <div
        class="emotion-0"
      >
        
        
      </div>
      <div
        class="emotion-2"
      >
        
        
        
        <div
          class="emotion-1"
        />
      </div>
    </div>
  </div>
  <div
    class="emotion-4"
  >
    <div
      aria-label="cell11x11"
      class="emotion-77"
    >
      <div
        class="emotion-0"
      >
        
        57
      </div>
      <div
        class="emotion-2"
      >
        
        
        
        <div
          class="emotion-1"
        />
      </div>
    </div>
  </div>
  <div
    class="emotion-4"
  >
    <div
      aria-label="cell11x12"
      class="emotion-77"
    >
      <div
        class="emotion-0"
      >
        
        
      </div>
      <div
        class="emotion-2"
      >
        
        
        
        <div
          class="emotion-1"
        />
      </div>
    </div>
  </div>
  <div
    class="emotion-4"
  >
    <div
      aria-label="cell11x13"
      class="emotion-77"
    >
      <div
        class="emotion-0"
      >
        
        
      </div>
      <div
        class="emotion-2"
      >
        
        
        
        <div
          class="emotion-1"
        />
      </div>
    </div>
  </div>
  <div
    class="emotion-4"
  >
    <div
      aria-label="cell11x14"
      class="emotion-77"
    >
      <div
        class="emotion-0"
      >
        
        
      </div>
      <div
        class="emotion-2"
      >
        
        
        
        <div
          class="emotion-1"
        />
      </div>
    </div>
  </div>
  <div
    class="emotion-4"
  >
    <div
      aria-label="cell12x0"
      class="emotion-72"
    >
      <div
        class="emotion-0"
      >
        
        58
      </div>
      <div
        class="emotion-2"
      >
        
        
        
        <div
          class="emotion-1"
        />
      </div>
    </div>
  </div>
  <div
    class="emotion-4"
  >
    <div
      aria-label="cell12x1"
      class="emotion-77"
    >
      <div
        class="emotion-0"
      >
        
        59
      </div>
      <div
        class="emotion-2"
      >
        
        
        
        <div
          class="emotion-1"
        />
      </div>
    </div>
  </div>
  <div
    class="emotion-4"
  >
    <div
      aria-label="cell12x2"
      class="emotion-77"
    >
      <div
        class="emotion-0"
      >
        
        60
      </div>
      <div
        class="emotion-2"
      >
        
        
        
        <div
          class="emotion-1"
        />
      </div>
    </div>
  </div>
  <div
    class="emotion-4"
  >
    <div
      aria-label="cell12x3"
      class="emotion-77"
    >
      <div
        class="emotion-0"
      >
        
        
      </div>
      <div
        class="emotion-2"
      >
        
        
        
        <div
          class="emotion-1"
        />
      </div>
    </div>
  </div>
  <div
    class="emotion-4"
  >
    <div
      aria-label="cell12x4"
      class="emotion-77"
    >
      <div
        class="emotion-0"
      >
        
        
      </div>
      <div
        class="emotion-2"
      >
        
        
        
        <div
          class="emotion-1"
        />
      </div>
    </div>
  </div>
  <div
    class="emotion-4"
  >
    <div
      aria-label="cell12x5"
      class="emotion-77"
    >
      <div
        class="emotion-0"
      >
        
        
      </div>
      <div
        class="emotion-2"
      >
        
        
        
        <div
          class="emotion-1"
        />
      </div>
    </div>
  </div>
  <div
    class="emotion-4"
  >
    <div
      aria-label="cell12x6"
      class="emotion-77"
    >
      <div
        class="emotion-0"
      >
        
        
      </div>
      <div
        class="emotion-2"
      >
        
        
        
        <div
          class="emotion-1"
        />
      </div>
    </div>
  </div>
  <div
    class="emotion-4"
  >
    <div
      aria-label="cell12x7"
      class="emotion-77"
    >
      <div
        class="emotion-0"
      >
        
        
      </div>
      <div
        class="emotion-2"
      >
        
        
        
        <div
          class="emotion-1"
        />
      </div>
    </div>
  </div>
  <div
    class="emotion-4"
  >
    <div
      aria-label="cell12x8"
      class="emotion-77"
    >
      <div
        class="emotion-0"
      >
        
        
      </div>
      <div
        class="emotion-2"
      >
        
        
        
        <div
          class="emotion-1"
        />
      </div>
    </div>
  </div>
  <div
    class="emotion-4"
  >
    <div
      aria-label="cell12x9"
      class="emotion-94"
    />
  </div>
  <div
    class="emotion-4"
  >
    <div
      aria-label="cell12x10"
      class="emotion-77"
    >
      <div
        class="emotion-0"
      >
        
        61
      </div>
      <div
        class="emotion-2"
      >
        
        
        
        <div
          class="emotion-1"
        />
      </div>
    </div>
  </div>
  <div
    class="emotion-4"
  >
    <div
      aria-label="cell12x11"
      class="emotion-77"
    >
      <div
        class="emotion-0"
      >
        
        
      </div>
      <div
        class="emotion-2"
      >
        
        
        
        <div
          class="emotion-1"
        />
      </div>
    </div>
  </div>
  <div
    class="emotion-4"
  >
    <div
      aria-label="cell12x12"
      class="emotion-77"
    >
      <div
        class="emotion-0"
      >
        
        
      </div>
      <div
        class="emotion-2"
      >
        
        
        
        <div
          class="emotion-1"
        />
      </div>
    </div>
  </div>
  <div
    class="emotion-4"
  >
    <div
      aria-label="cell12x13"
      class="emotion-77"
    >
      <div
        class="emotion-0"
      >
        
        
      </div>
      <div
        class="emotion-2"
      >
        
        
        
        <div
          class="emotion-1"
        />
      </div>
    </div>
  </div>
  <div
    class="emotion-4"
  >
    <div
      aria-label="cell12x14"
      class="emotion-77"
    >
      <div
        class="emotion-0"
      >
        
        
      </div>
      <div
        class="emotion-2"
      >
        
        
        
        <div
          class="emotion-1"
        />
      </div>
    </div>
  </div>
  <div
    class="emotion-4"
  >
    <div
      aria-label="cell13x0"
      class="emotion-72"
    >
      <div
        class="emotion-0"
      >
        
        62
      </div>
      <div
        class="emotion-2"
      >
        
        
        
        <div
          class="emotion-1"
        />
      </div>
    </div>
  </div>
  <div
    class="emotion-4"
  >
    <div
      aria-label="cell13x1"
      class="emotion-77"
    >
      <div
        class="emotion-0"
      >
        
        
      </div>
      <div
        class="emotion-2"
      >
        
        
        
        <div
          class="emotion-1"
        />
      </div>
    </div>
  </div>
  <div
    class="emotion-4"
  >
    <div
      aria-label="cell13x2"
      class="emotion-77"
    >
      <div
        class="emotion-0"
      >
        
        
      </div>
      <div
        class="emotion-2"
      >
        
        
        
        <div
          class="emotion-1"
        />
      </div>
    </div>
  </div>
  <div
    class="emotion-4"
  >
    <div
      aria-label="cell13x3"
      class="emotion-77"
    >
      <div
        class="emotion-0"
      >
        
        
      </div>
      <div
        class="emotion-2"
      >
        
        
        
        <div
          class="emotion-1"
        />
      </div>
    </div>
  </div>
  <div
    class="emotion-4"
  >
    <div
      aria-label="cell13x4"
      class="emotion-94"
    />
  </div>
  <div
    class="emotion-4"
  >
    <div
      aria-label="cell13x5"
      class="emotion-77"
    >
      <div
        class="emotion-0"
      >
        
        63
      </div>
      <div
        class="emotion-2"
      >
        
        
        
        <div
          class="emotion-1"
        />
      </div>
    </div>
  </div>
  <div
    class="emotion-4"
  >
    <div
      aria-label="cell13x6"
      class="emotion-77"
    >
      <div
        class="emotion-0"
      >
        
        
      </div>
      <div
        class="emotion-2"
      >
        
        
        
        <div
          class="emotion-1"
        />
      </div>
    </div>
  </div>
  <div
    class="emotion-4"
  >
    <div
      aria-label="cell13x7"
      class="emotion-77"
    >
      <div
        class="emotion-0"
      >
        
        
      </div>
      <div
        class="emotion-2"
      >
        
        
        
        <div
          class="emotion-1"
        />
      </div>
    </div>
  </div>
  <div
    class="emotion-4"
  >
    <div
      aria-label="cell13x8"
      class="emotion-77"
    >
      <div
        class="emotion-0"
      >
        
        
      </div>
      <div
        class="emotion-2"
      >
        
        
        
        <div
          class="emotion-1"
        />
      </div>
    </div>
  </div>
  <div
    class="emotion-4"
  >
    <div
      aria-label="cell13x9"
      class="emotion-94"
    />
  </div>
  <div
    class="emotion-4"
  >
    <div
      aria-label="cell13x10"
      class="emotion-77"
    >
      <div
        class="emotion-0"
      >
        
        64
      </div>
      <div
        class="emotion-2"
      >
        
        
        
        <div
          class="emotion-1"
        />
      </div>
    </div>
  </div>
  <div
    class="emotion-4"
  >
    <div
      aria-label="cell13x11"
      class="emotion-77"
    >
      <div
        class="emotion-0"
      >
        
        
      </div>
      <div
        class="emotion-2"
      >
        
        
        
        <div
          class="emotion-1"
        />
      </div>
    </div>
  </div>
  <div
    class="emotion-4"
  >
    <div
      aria-label="cell13x12"
      class="emotion-77"
    >
      <div
        class="emotion-0"
      >
        
        
      </div>
      <div
        class="emotion-2"
      >
        
        
        
        <div
          class="emotion-1"
        />
      </div>
    </div>
  </div>
  <div
    class="emotion-4"
  >
    <div
      aria-label="cell13x13"
      class="emotion-77"
    >
      <div
        class="emotion-0"
      >
        
        
      </div>
      <div
        class="emotion-2"
      >
        
        
        
        <div
          class="emotion-1"
        />
      </div>
    </div>
  </div>
  <div
    class="emotion-4"
  >
    <div
      aria-label="cell13x14"
      class="emotion-77"
    >
      <div
        class="emotion-0"
      >
        
        
      </div>
      <div
        class="emotion-2"
      >
        
        
        
        <div
          class="emotion-1"
        />
      </div>
    </div>
  </div>
  <div
    class="emotion-4"
  >
    <div
      aria-label="cell14x0"
      class="emotion-72"
    >
      <div
        class="emotion-0"
      >
        
        65
      </div>
      <div
        class="emotion-2"
      >
        
        
        
        <div
          class="emotion-1"
        />
      </div>
    </div>
  </div>
  <div
    class="emotion-4"
  >
    <div
      aria-label="cell14x1"
      class="emotion-77"
    >
      <div
        class="emotion-0"
      >
        
        
      </div>
      <div
        class="emotion-2"
      >
        
        
        
        <div
          class="emotion-1"
        />
      </div>
    </div>
  </div>
  <div
    class="emotion-4"
  >
    <div
      aria-label="cell14x2"
      class="emotion-77"
    >
      <div
        class="emotion-0"
      >
        
        
      </div>
      <div
        class="emotion-2"
      >
        
        
        
        <div
          class="emotion-1"
        />
      </div>
    </div>
  </div>
  <div
    class="emotion-4"
  >
    <div
      aria-label="cell14x3"
      class="emotion-77"
    >
      <div
        class="emotion-0"
      >
        
        
      </div>
      <div
        class="emotion-2"
      >
        
        
        
        <div
          class="emotion-1"
        />
      </div>
    </div>
  </div>
  <div
    class="emotion-4"
  >
    <div
      aria-label="cell14x4"
      class="emotion-94"
    />
  </div>
  <div
    class="emotion-4"
  >
    <div
      aria-label="cell14x5"
      class="emotion-77"
    >
      <div
        class="emotion-0"
      >
        
        66
      </div>
      <div
        class="emotion-2"
      >
        
        
        
        <div
          class="emotion-1"
        />
      </div>
    </div>
  </div>
  <div
    class="emotion-4"
  >
    <div
      aria-label="cell14x6"
      class="emotion-77"
    >
      <div
        class="emotion-0"
      >
        
        
      </div>
      <div
        class="emotion-2"
      >
        
        
        
        <div
          class="emotion-1"
        />
      </div>
    </div>
  </div>
  <div
    class="emotion-4"
  >
    <div
      aria-label="cell14x7"
      class="emotion-77"
    >
      <div
        class="emotion-0"
      >
        
        
      </div>
      <div
        class="emotion-2"
      >
        
        
        
        <div
          class="emotion-1"
        />
      </div>
    </div>
  </div>
  <div
    class="emotion-4"
  >
    <div
      aria-label="cell14x8"
      class="emotion-77"
    >
      <div
        class="emotion-0"
      >
        
        
      </div>
      <div
        class="emotion-2"
      >
        
        
        
        <div
          class="emotion-1"
        />
      </div>
    </div>
  </div>
  <div
    class="emotion-4"
  >
    <div
      aria-label="cell14x9"
      class="emotion-94"
    />
  </div>
  <div
    class="emotion-4"
  >
    <div
      aria-label="cell14x10"
      class="emotion-77"
    >
      <div
        class="emotion-0"
      >
        
        67
      </div>
      <div
        class="emotion-2"
      >
        
        
        
        <div
          class="emotion-1"
        />
      </div>
    </div>
  </div>
  <div
    class="emotion-4"
  >
    <div
      aria-label="cell14x11"
      class="emotion-77"
    >
      <div
        class="emotion-0"
      >
        
        
      </div>
      <div
        class="emotion-2"
      >
        
        
        
        <div
          class="emotion-1"
        />
      </div>
    </div>
  </div>
  <div
    class="emotion-4"
  >
    <div
      aria-label="cell14x12"
      class="emotion-77"
    >
      <div
        class="emotion-0"
      >
        
        
      </div>
      <div
        class="emotion-2"
      >
        
        
        
        <div
          class="emotion-1"
        />
      </div>
    </div>
  </div>
  <div
    class="emotion-4"
  >
    <div
      aria-label="cell14x13"
      class="emotion-77"
    >
      <div
        class="emotion-0"
      >
        
        
      </div>
      <div
        class="emotion-2"
      >
        
        
        
        <div
          class="emotion-1"
        />
      </div>
    </div>
  </div>
  <div
    class="emotion-4"
  >
    <div
      aria-label="cell14x14"
      class="emotion-77"
    >
      <div
        class="emotion-0"
      >
        
        
      </div>
      <div
        class="emotion-2"
      >
        
        
        
        <div
          class="emotion-1"
        />
      </div>
    </div>
  </div>
</div>
`;
